[     108ms] [INFO] %cDownload the React DevTools for a better development experience: https://react.dev/link/react-devtools font-weight:bold @ http://localhost:3000/_next/static/chunks/node_modules_next_dist_f3530cac._.js:2297
[     122ms] [LOG] [HMR] connected @ http://localhost:3000/_next/static/chunks/node_modules_next_dist_f3530cac._.js:2297
[     348ms] [LOG] [Fast Refresh] rebuilding @ http://localhost:3000/_next/static/chunks/node_modules_next_dist_f3530cac._.js:2297
[     350ms] [LOG] [Fast Refresh] done in 110ms @ http://localhost:3000/_next/static/chunks/node_modules_next_dist_f3530cac._.js:2297
[    2578ms] [ERROR] Failed to load resource: net::ERR_CONNECTION_REFUSED @ http://localhost:3001/socket.io/?EIO=4&transport=polling&t=8e8nnjif:0
[    2578ms] [WARNING] [RealtimeProvider] connect_error xhr poll error @ http://localhost:3000/_next/static/chunks/node_modules_next_dist_f3530cac._.js:2297
[    5316ms] [ERROR] Failed to load resource: net::ERR_CONNECTION_REFUSED @ http://localhost:3001/socket.io/?EIO=4&transport=polling&t=8earvcjy:0
[    5316ms] [WARNING] [RealtimeProvider] connect_error xhr poll error @ http://localhost:3000/_next/static/chunks/node_modules_next_dist_f3530cac._.js:2297
[    8442ms] [ERROR] Failed to load resource: net::ERR_CONNECTION_REFUSED @ http://localhost:3001/socket.io/?EIO=4&transport=polling&t=8ed6atv4:0
[    8442ms] [WARNING] [RealtimeProvider] connect_error xhr poll error @ http://localhost:3000/_next/static/chunks/node_modules_next_dist_f3530cac._.js:2297
[   11991ms] [ERROR] Failed to load resource: net::ERR_CONNECTION_REFUSED @ http://localhost:3001/socket.io/?EIO=4&transport=polling&t=8efwuy2a:0
[   11991ms] [WARNING] [RealtimeProvider] connect_error xhr poll error @ http://localhost:3000/_next/static/chunks/node_modules_next_dist_f3530cac._.js:2297
[   17353ms] [ERROR] Failed to load resource: net::ERR_CONNECTION_REFUSED @ http://localhost:3001/socket.io/?EIO=4&transport=polling&t=8ek26h0u:0
[   17353ms] [WARNING] [RealtimeProvider] connect_error xhr poll error @ http://localhost:3000/_next/static/chunks/node_modules_next_dist_f3530cac._.js:2297
[   17526ms] [LOG] [Fast Refresh] rebuilding @ http://localhost:3000/_next/static/chunks/node_modules_next_dist_f3530cac._.js:2297
[   17527ms] [LOG] [Fast Refresh] done in 109ms @ http://localhost:3000/_next/static/chunks/node_modules_next_dist_f3530cac._.js:2297
[   22724ms] [ERROR] Failed to load resource: net::ERR_CONNECTION_REFUSED @ http://localhost:3001/socket.io/?EIO=4&transport=polling&t=8eo6vcx7:0
[   22725ms] [WARNING] [RealtimeProvider] connect_error xhr poll error @ http://localhost:3000/_next/static/chunks/node_modules_next_dist_f3530cac._.js:2297
[   28088ms] [ERROR] Failed to load resource: net::ERR_CONNECTION_REFUSED @ http://localhost:3001/socket.io/?EIO=4&transport=polling&t=8esc4aax:0
[   28088ms] [WARNING] [RealtimeProvider] connect_error xhr poll error @ http://localhost:3000/_next/static/chunks/node_modules_next_dist_f3530cac._.js:2297
[   33452ms] [ERROR] Failed to load resource: net::ERR_CONNECTION_REFUSED @ http://localhost:3001/socket.io/?EIO=4&transport=polling&t=8ewhg149:0
[   33452ms] [WARNING] [RealtimeProvider] connect_error xhr poll error @ http://localhost:3000/_next/static/chunks/node_modules_next_dist_f3530cac._.js:2297
[   38811ms] [ERROR] Failed to load resource: net::ERR_CONNECTION_REFUSED @ http://localhost:3001/socket.io/?EIO=4&transport=polling&t=8f0mfx9v:0
[   38812ms] [WARNING] [RealtimeProvider] connect_error xhr poll error @ http://localhost:3000/_next/static/chunks/node_modules_next_dist_f3530cac._.js:2297
[   44194ms] [ERROR] Failed to load resource: net::ERR_CONNECTION_REFUSED @ http://localhost:3001/socket.io/?EIO=4&transport=polling&t=8f4r2fue:0
[   44194ms] [WARNING] [RealtimeProvider] connect_error xhr poll error @ http://localhost:3000/_next/static/chunks/node_modules_next_dist_f3530cac._.js:2297
[   49566ms] [ERROR] Failed to load resource: net::ERR_CONNECTION_REFUSED @ http://localhost:3001/socket.io/?EIO=4&transport=polling&t=8f8wlgof:0
[   49567ms] [WARNING] [RealtimeProvider] connect_error xhr poll error @ http://localhost:3000/_next/static/chunks/node_modules_next_dist_f3530cac._.js:2297
